// Jest Snapshot v1, https://goo.gl/fbAQLP

exports[`Componente de transação do extrato O snapshot do componente deve permanecer sempre o mesmo 1`] = `
<svg
  height="405"
  version="1"
  viewBox="-10 0 425 405"
  width="405"
  xmlns="http://www.w3.org/2000/svg"
>
  <g
    transform="translate(202.5000,202.5000)"
  >
    <g>
      <circle
        class="scale"
        cx="0"
        cy="0"
        fill="none"
        r="168.75"
      />
      <circle
        class="scale"
        cx="0"
        cy="0"
        fill="none"
        r="112.5"
      />
      <circle
        class="scale"
        cx="0"
        cy="0"
        fill="none"
        r="56.25"
      />
    </g>
    <g>
      <polyline
        class="axis"
        points="0.0000,0.0000 0.0000,-168.7500"
      />
      <polyline
        class="axis"
        points="0.0000,0.0000 0.0000,168.7500"
      />
    </g>
    <g>
      <path
        class="shape "
        d="M0.0000,-75.9375L0.0000,82.6875z"
        fill="red"
        stroke="red"
      />
    </g>
    <g>
      <text
        class="caption"
        dy="5"
        font-family="sans-serif"
        font-size="10"
        text-anchor="middle"
        x="0.0000"
        y="-192.3750"
      >
        hp
      </text>
      <text
        class="caption"
        dy="5"
        font-family="sans-serif"
        font-size="10"
        text-anchor="middle"
        x="0.0000"
        y="192.3750"
      >
        attack
      </text>
    </g>
  </g>
</svg>
`;
